
SQL*Plus: Release 11.2.0.2.0 Production on Fri Aug 9 14:11:45 2024

Copyright (c) 1982, 2014, Oracle.  All rights reserved.

SQL> connect system
Enter password:
Connected.
SQL> create table agents (agent_code varchar2(5),agent_name varchar2(8), working_area varchar2(15));

Table created.

SQL> insert into agent values ('A101','agent1','chennai');
insert into agent values ('A101','agent1','chennai')
            *
ERROR at line 1:
ORA-00942: table or view does not exist


SQL> insert into agents values ('A101','agent1','chennai');

1 row created.

SQL> insert into agents values ('A102','agent2','chennai');

1 row created.

SQL> insert into agents values ('A103','agent3','Bangalore');

1 row created.

SQL> insert into agents values ('A104','agent4','Bangalore');

1 row created.

SQL> select * from agents;

AGENT AGENT_NA WORKING_AREA
----- -------- ---------------
A101  agent1   chennai
A102  agent2   chennai
A103  agent3   Bangalore
A104  agent4   Bangalore

SQL> create table customers ( customer_code varchar2(7),customer_name varchar2(12),customer_area varchar2(15));

Table created.

SQL> insert into customers values ('C101','customer1','chennai');

1 row created.

SQL> insert into customers values ('C102','customer2','chennai');

1 row created.

SQL> insert into customers values ('C103','customer3','chennai');

1 row created.

SQL> insert into customers values ('C104','customer4','Bangalore');

1 row created.

SQL> insert into customers values ('C105','customer5','Bangalore');

1 row created.

SQL> select * from customers;

CUSTOME CUSTOMER_NAM CUSTOMER_AREA
------- ------------ ---------------
C101    customer1    chennai
C102    customer2    chennai
C103    customer3    chennai
C104    customer4    Bangalore
C105    customer5    Bangalore

SQL> select agents.agent_name,customers.customer_name,customers.customer_area from agents join customers on agents.working_area = customer_area;

AGENT_NA CUSTOMER_NAM CUSTOMER_AREA
-------- ------------ ---------------
agent2   customer1    chennai
agent1   customer1    chennai
agent2   customer2    chennai
agent1   customer2    chennai
agent2   customer3    chennai
agent1   customer3    chennai
agent4   customer4    Bangalore
agent3   customer4    Bangalore
agent4   customer5    Bangalore
agent3   customer5    Bangalore

10 rows selected.

SQL> select agents.agent_name,customers.customer_name,customers.customer_area from agents join customers on agents.working_area<> customer_area;

AGENT_NA CUSTOMER_NAM CUSTOMER_AREA
-------- ------------ ---------------
agent1   customer4    Bangalore
agent1   customer5    Bangalore
agent2   customer4    Bangalore
agent2   customer5    Bangalore
agent3   customer1    chennai
agent3   customer2    chennai
agent3   customer3    chennai
agent4   customer1    chennai
agent4   customer2    chennai
agent4   customer3    chennai

10 rows selected.

SQL> select * from agents left outer join customers on agents.working_area = customers.customer_area;

AGENT AGENT_NA WORKING_AREA    CUSTOME CUSTOMER_NAM CUSTOMER_AREA
----- -------- --------------- ------- ------------ ---------------
A102  agent2   chennai         C101    customer1    chennai
A101  agent1   chennai         C101    customer1    chennai
A102  agent2   chennai         C102    customer2    chennai
A101  agent1   chennai         C102    customer2    chennai
A102  agent2   chennai         C103    customer3    chennai
A101  agent1   chennai         C103    customer3    chennai
A104  agent4   Bangalore       C104    customer4    Bangalore
A103  agent3   Bangalore       C104    customer4    Bangalore
A104  agent4   Bangalore       C105    customer5    Bangalore
A103  agent3   Bangalore       C105    customer5    Bangalore

10 rows selected.

SQL> insert into customers values ('C106','customer6','Delhi');

1 row created.

SQL> insert into agents values ('A105','agent5','New York');

1 row created.

SQL> select * from agents;

AGENT AGENT_NA WORKING_AREA
----- -------- ---------------
A101  agent1   chennai
A102  agent2   chennai
A103  agent3   Bangalore
A104  agent4   Bangalore
A105  agent5   New York

SQL> select * from customers;

CUSTOME CUSTOMER_NAM CUSTOMER_AREA
------- ------------ ---------------
C101    customer1    chennai
C102    customer2    chennai
C103    customer3    chennai
C104    customer4    Bangalore
C105    customer5    Bangalore
C106    customer6    Delhi

6 rows selected.

SQL> select * from agents left join customers on agents.working_area = customers.customer_area;

AGENT AGENT_NA WORKING_AREA    CUSTOME CUSTOMER_NAM CUSTOMER_AREA
----- -------- --------------- ------- ------------ ---------------
A102  agent2   chennai         C101    customer1    chennai
A101  agent1   chennai         C101    customer1    chennai
A102  agent2   chennai         C102    customer2    chennai
A101  agent1   chennai         C102    customer2    chennai
A102  agent2   chennai         C103    customer3    chennai
A101  agent1   chennai         C103    customer3    chennai
A104  agent4   Bangalore       C104    customer4    Bangalore
A103  agent3   Bangalore       C104    customer4    Bangalore
A104  agent4   Bangalore       C105    customer5    Bangalore
A103  agent3   Bangalore       C105    customer5    Bangalore
A105  agent5   New York

11 rows selected.

SQL> select * from agents right join customers on agents.working_area = customers.customer_area;

AGENT AGENT_NA WORKING_AREA    CUSTOME CUSTOMER_NAM CUSTOMER_AREA
----- -------- --------------- ------- ------------ ---------------
A101  agent1   chennai         C103    customer3    chennai
A101  agent1   chennai         C102    customer2    chennai
A101  agent1   chennai         C101    customer1    chennai
A102  agent2   chennai         C103    customer3    chennai
A102  agent2   chennai         C102    customer2    chennai
A102  agent2   chennai         C101    customer1    chennai
A103  agent3   Bangalore       C105    customer5    Bangalore
A103  agent3   Bangalore       C104    customer4    Bangalore
A104  agent4   Bangalore       C105    customer5    Bangalore
A104  agent4   Bangalore       C104    customer4    Bangalore
                               C106    customer6    Delhi

11 rows selected.

SQL> select * from agents full join customers on agents.working_area = customers.customer_area;

AGENT AGENT_NA WORKING_AREA    CUSTOME CUSTOMER_NAM CUSTOMER_AREA
----- -------- --------------- ------- ------------ ---------------
A102  agent2   chennai         C101    customer1    chennai
A101  agent1   chennai         C101    customer1    chennai
A102  agent2   chennai         C102    customer2    chennai
A101  agent1   chennai         C102    customer2    chennai
A102  agent2   chennai         C103    customer3    chennai
A101  agent1   chennai         C103    customer3    chennai
A104  agent4   Bangalore       C104    customer4    Bangalore
A103  agent3   Bangalore       C104    customer4    Bangalore
A104  agent4   Bangalore       C105    customer5    Bangalore
A103  agent3   Bangalore       C105    customer5    Bangalore
                               C106    customer6    Delhi

AGENT AGENT_NA WORKING_AREA    CUSTOME CUSTOMER_NAM CUSTOMER_AREA
----- -------- --------------- ------- ------------ ---------------
A105  agent5   New York

12 rows selected.

SQL> select a.agent_code,b.agent_name from agents a,agents b where a.working_area = b.working_area;

AGENT AGENT_NA
----- --------
A102  agent1
A101  agent1
A102  agent2
A101  agent2
A104  agent3
A103  agent3
A104  agent4
A103  agent4
A105  agent5

9 rows selected.

SQL> select * from customers where customer_area = (select working_area from agents where agent_code = 'A101');

CUSTOME CUSTOMER_NAM CUSTOMER_AREA
------- ------------ ---------------
C101    customer1    chennai
C102    customer2    chennai
C103    customer3    chennai

SQL> select * from customers where customer_area in (select working_area from agents where agent_code = 'A101' or agent_code= 'A104');

CUSTOME CUSTOMER_NAM CUSTOMER_AREA
------- ------------ ---------------
C103    customer3    chennai
C102    customer2    chennai
C101    customer1    chennai
C105    customer5    Bangalore
C104    customer4    Bangalore

SQL>